---
source: crates/biome_formatter_test/src/snapshot_builder.rs
info: yaml/prettier-ignore/middle-comment.yml
---

# Input

```yml
abc:  !!str #   hello
   123
# prettier-ignore
def:  !!str #   hello
   456

```


# Prettier differences

```diff
--- Prettier
+++ Biome
@@ -1,5 +1,5 @@
-abc: !!str #   hello
-  123
+abc:  !!str #   hello
+   123
 # prettier-ignore
 def:  !!str #   hello
    456
```

# Output

```yml
abc:  !!str #   hello
   123
# prettier-ignore
def:  !!str #   hello
   456
```
