---
source: crates/biome_formatter_test/src/snapshot_builder.rs
info: yaml/spec/allowed-characters-in-plain-scalars.yml
---

# Input

```yml
safe: a!"#$%&'()*+,-./09:;<=>?@AZ[\]^_`az{|}~
     !"#$%&'()*+,-./09:;<=>?@AZ[\]^_`az{|}~
safe question mark: ?foo
safe colon: :foo
safe dash: -foo

```


# Prettier differences

```diff
--- Prettier
+++ Biome
@@ -1,5 +1,5 @@
 safe: a!"#$%&'()*+,-./09:;<=>?@AZ[\]^_`az{|}~
-  !"#$%&'()*+,-./09:;<=>?@AZ[\]^_`az{|}~
+     !"#$%&'()*+,-./09:;<=>?@AZ[\]^_`az{|}~
 safe question mark: ?foo
 safe colon: :foo
 safe dash: -foo
```

# Output

```yml
safe: a!"#$%&'()*+,-./09:;<=>?@AZ[\]^_`az{|}~
     !"#$%&'()*+,-./09:;<=>?@AZ[\]^_`az{|}~
safe question mark: ?foo
safe colon: :foo
safe dash: -foo
```
